---
source: garde/tests/./rules/custom.rs
expression: snapshot
---
Multi {
    field: "asdf",
    inner: [
        "asdf",
    ],
}
field: validation failed: not equal to test
field: validation failed: not equal to test
inner[0]: validation failed: not equal to test
inner[0]: validation failed: not equal to test
