---
source: garde/tests/./rules/custom.rs
expression: snapshot
---
Test {
    a: "asdf",
    b: "asdf",
    inner_a: [
        "asdf",
    ],
    inner_b: [
        "asdf",
    ],
    uses_ctx: "",
}
a: validation failed: not equal to test
b: validation failed: `b` is not equal to test
inner_a[0]: validation failed: not equal to test
inner_b[0]: validation failed: `b` is not equal to test
uses_ctx: length is lower than 4
